2026-06-16T12:36:42.902Z - CREATE_LEDGER_ERROR: column "tdsApplicable" does not exist
Error
    at Query.run (C:\Users\loges\OneDrive\Desktop\Tally\Tally_accounting\backend\node_modules\sequelize\lib\dialects\postgres\query.js:50:25)
    at C:\Users\loges\OneDrive\Desktop\Tally\Tally_accounting\backend\node_modules\sequelize\lib\sequelize.js:315:28
    at async PostgresQueryInterface.select (C:\Users\loges\OneDrive\Desktop\Tally\Tally_accounting\backend\node_modules\sequelize\lib\dialects\abstract\query-interface.js:407:12)
    at async Ledger.findAll (C:\Users\loges\OneDrive\Desktop\Tally\Tally_accounting\backend\node_modules\sequelize\lib\model.js:1140:21)
    at async Ledger.findOne (C:\Users\loges\OneDrive\Desktop\Tally\Tally_accounting\backend\node_modules\sequelize\lib\model.js:1240:12)
    at async exports.createLedger (C:\Users\loges\OneDrive\Desktop\Tally\Tally_accounting\backend\modules\accounting\ledger.controller.js:109:24)

2026-06-16T12:37:30.897Z - CREATE_LEDGER_ERROR: column "tdsApplicable" does not exist
Error
    at Query.run (C:\Users\loges\OneDrive\Desktop\Tally\Tally_accounting\backend\node_modules\sequelize\lib\dialects\postgres\query.js:50:25)
    at C:\Users\loges\OneDrive\Desktop\Tally\Tally_accounting\backend\node_modules\sequelize\lib\sequelize.js:315:28
    at async PostgresQueryInterface.select (C:\Users\loges\OneDrive\Desktop\Tally\Tally_accounting\backend\node_modules\sequelize\lib\dialects\abstract\query-interface.js:407:12)
    at async Ledger.findAll (C:\Users\loges\OneDrive\Desktop\Tally\Tally_accounting\backend\node_modules\sequelize\lib\model.js:1140:21)
    at async Ledger.findOne (C:\Users\loges\OneDrive\Desktop\Tally\Tally_accounting\backend\node_modules\sequelize\lib\model.js:1240:12)
    at async exports.createLedger (C:\Users\loges\OneDrive\Desktop\Tally\Tally_accounting\backend\modules\accounting\ledger.controller.js:109:24)

2026-06-16T12:37:56.905Z - CREATE_LEDGER_ERROR: column "tdsApplicable" does not exist
Error
    at Query.run (C:\Users\loges\OneDrive\Desktop\Tally\Tally_accounting\backend\node_modules\sequelize\lib\dialects\postgres\query.js:50:25)
    at C:\Users\loges\OneDrive\Desktop\Tally\Tally_accounting\backend\node_modules\sequelize\lib\sequelize.js:315:28
    at async PostgresQueryInterface.select (C:\Users\loges\OneDrive\Desktop\Tally\Tally_accounting\backend\node_modules\sequelize\lib\dialects\abstract\query-interface.js:407:12)
    at async Ledger.findAll (C:\Users\loges\OneDrive\Desktop\Tally\Tally_accounting\backend\node_modules\sequelize\lib\model.js:1140:21)
    at async Ledger.findOne (C:\Users\loges\OneDrive\Desktop\Tally\Tally_accounting\backend\node_modules\sequelize\lib\model.js:1240:12)
    at async exports.createLedger (C:\Users\loges\OneDrive\Desktop\Tally\Tally_accounting\backend\modules\accounting\ledger.controller.js:109:24)

❌ Failed to seed RBAC roles: current transaction is aborted, commands ignored until end of transaction block
❌ Database connection/sync failed: column "workEmail" of relation "Employees" contains null values
❌ Database connection/sync failed: cannot cast type "enum_Attendances_status" to "enum_Attendances_Status"
❌ Database connection/sync failed: cannot cast type "enum_Attendances_status" to "enum_Attendances_Status"
❌ Database connection/sync failed: cannot cast type "enum_Attendances_status" to "enum_Attendances_Status"
❌ Database connection/sync failed: cannot cast type "enum_Attendances_status" to "enum_Attendances_Status"
❌ Database connection/sync failed: cannot cast type "enum_Attendances_status" to "enum_Attendances_Status"
❌ Database connection/sync failed: cannot cast type "enum_Attendances_status" to "enum_Attendances_Status"
❌ Database connection/sync failed: cannot cast type "enum_Attendances_status" to "enum_Attendances_Status"
❌ Database connection/sync failed: cannot cast type "enum_Attendances_status" to "enum_Attendances_Status"
❌ Critical Hub Entry Failure: Could not connect to database after multiple attempts.
{"name":"SequelizeDatabaseError","parent":{"length":143,"name":"error","severity":"ERROR","code":"42846","position":"478","file":"parse_expr.c","line":"2782","routine":"transformTypeCast","sql":"ALTER TABLE \"Attendances\" ALTER COLUMN \"Status\" SET NOT NULL;ALTER TABLE \"Attendances\" ALTER COLUMN \"Status\" SET DEFAULT 'Present';DO 'BEGIN CREATE TYPE \"public\".\"enum_Attendances_Status\" AS ENUM(''Present'', ''Absent'', ''Half-Day'', ''Leave'', ''Sick-Leave'', ''Casual-Leave'', ''Earned-Leave'', ''Comp-Off'', ''Holiday''); EXCEPTION WHEN duplicate_object THEN null; END';ALTER TABLE \"Attendances\" ALTER COLUMN \"Status\" TYPE \"public\".\"enum_Attendances_Status\" USING (\"Status\"::\"public\".\"enum_Attendances_Status\");"},"original":{"length":143,"name":"error","severity":"ERROR","code":"42846","position":"478","file":"parse_expr.c","line":"2782","routine":"transformTypeCast","sql":"ALTER TABLE \"Attendances\" ALTER COLUMN \"Status\" SET NOT NULL;ALTER TABLE \"Attendances\" ALTER COLUMN \"Status\" SET DEFAULT 'Present';DO 'BEGIN CREATE TYPE \"public\".\"enum_Attendances_Status\" AS ENUM(''Present'', ''Absent'', ''Half-Day'', ''Leave'', ''Sick-Leave'', ''Casual-Leave'', ''Earned-Leave'', ''Comp-Off'', ''Holiday''); EXCEPTION WHEN duplicate_object THEN null; END';ALTER TABLE \"Attendances\" ALTER COLUMN \"Status\" TYPE \"public\".\"enum_Attendances_Status\" USING (\"Status\"::\"public\".\"enum_Attendances_Status\");"},"sql":"ALTER TABLE \"Attendances\" ALTER COLUMN \"Status\" SET NOT NULL;ALTER TABLE \"Attendances\" ALTER COLUMN \"Status\" SET DEFAULT 'Present';DO 'BEGIN CREATE TYPE \"public\".\"enum_Attendances_Status\" AS ENUM(''Present'', ''Absent'', ''Half-Day'', ''Leave'', ''Sick-Leave'', ''Casual-Leave'', ''Earned-Leave'', ''Comp-Off'', ''Holiday''); EXCEPTION WHEN duplicate_object THEN null; END';ALTER TABLE \"Attendances\" ALTER COLUMN \"Status\" TYPE \"public\".\"enum_Attendances_Status\" USING (\"Status\"::\"public\".\"enum_Attendances_Status\");","parameters":{}}
❌ Database connection/sync failed: cannot cast type "enum_Attendances_status" to "enum_Attendances_Status"
❌ Database connection/sync failed: cannot cast type "enum_Attendances_status" to "enum_Attendances_Status"
❌ Database connection/sync failed: cannot cast type "enum_Attendances_status" to "enum_Attendances_Status"
❌ Database connection/sync failed: cannot cast type "enum_Attendances_status" to "enum_Attendances_Status"
❌ Database connection/sync failed: cannot cast type "enum_Attendances_status" to "enum_Attendances_Status"
❌ Database connection/sync failed: cannot cast type "enum_Attendances_status" to "enum_Attendances_Status"
❌ Database connection/sync failed: cannot cast type "enum_Attendances_status" to "enum_Attendances_Status"
❌ Database connection/sync failed: cannot cast type "enum_Attendances_status" to "enum_Attendances_Status"
❌ Critical Hub Entry Failure: Could not connect to database after multiple attempts.
{"name":"SequelizeDatabaseError","parent":{"length":143,"name":"error","severity":"ERROR","code":"42846","position":"478","file":"parse_expr.c","line":"2782","routine":"transformTypeCast","sql":"ALTER TABLE \"Attendances\" ALTER COLUMN \"Status\" SET NOT NULL;ALTER TABLE \"Attendances\" ALTER COLUMN \"Status\" SET DEFAULT 'Present';DO 'BEGIN CREATE TYPE \"public\".\"enum_Attendances_Status\" AS ENUM(''Present'', ''Absent'', ''Half-Day'', ''Leave'', ''Sick-Leave'', ''Casual-Leave'', ''Earned-Leave'', ''Comp-Off'', ''Holiday''); EXCEPTION WHEN duplicate_object THEN null; END';ALTER TABLE \"Attendances\" ALTER COLUMN \"Status\" TYPE \"public\".\"enum_Attendances_Status\" USING (\"Status\"::\"public\".\"enum_Attendances_Status\");"},"original":{"length":143,"name":"error","severity":"ERROR","code":"42846","position":"478","file":"parse_expr.c","line":"2782","routine":"transformTypeCast","sql":"ALTER TABLE \"Attendances\" ALTER COLUMN \"Status\" SET NOT NULL;ALTER TABLE \"Attendances\" ALTER COLUMN \"Status\" SET DEFAULT 'Present';DO 'BEGIN CREATE TYPE \"public\".\"enum_Attendances_Status\" AS ENUM(''Present'', ''Absent'', ''Half-Day'', ''Leave'', ''Sick-Leave'', ''Casual-Leave'', ''Earned-Leave'', ''Comp-Off'', ''Holiday''); EXCEPTION WHEN duplicate_object THEN null; END';ALTER TABLE \"Attendances\" ALTER COLUMN \"Status\" TYPE \"public\".\"enum_Attendances_Status\" USING (\"Status\"::\"public\".\"enum_Attendances_Status\");"},"sql":"ALTER TABLE \"Attendances\" ALTER COLUMN \"Status\" SET NOT NULL;ALTER TABLE \"Attendances\" ALTER COLUMN \"Status\" SET DEFAULT 'Present';DO 'BEGIN CREATE TYPE \"public\".\"enum_Attendances_Status\" AS ENUM(''Present'', ''Absent'', ''Half-Day'', ''Leave'', ''Sick-Leave'', ''Casual-Leave'', ''Earned-Leave'', ''Comp-Off'', ''Holiday''); EXCEPTION WHEN duplicate_object THEN null; END';ALTER TABLE \"Attendances\" ALTER COLUMN \"Status\" TYPE \"public\".\"enum_Attendances_Status\" USING (\"Status\"::\"public\".\"enum_Attendances_Status\");","parameters":{}}
❌ Database connection/sync failed: cannot cast type "enum_Attendances_status" to "enum_Attendances_Status"
❌ Database connection/sync failed: cannot cast type "enum_Attendances_status" to "enum_Attendances_Status"
❌ Database connection/sync failed: cannot cast type "enum_Attendances_status" to "enum_Attendances_Status"
❌ Database connection/sync failed: cannot cast type "enum_Attendances_status" to "enum_Attendances_Status"
❌ Database connection/sync failed: cannot cast type "enum_Attendances_status" to "enum_Attendances_Status"
Create Order Error: {"name":"SequelizeDatabaseError","parent":{"length":111,"name":"error","severity":"ERROR","code":"22P02","position":"174","file":"uuid.c","line":"174","routine":"string_to_uuid","sql":"SELECT \"id\", \"name\", \"price\", \"description\", \"maxUsers\", \"features\", \"createdAt\", \"updatedAt\" FROM \"SubscriptionPlans\" AS \"SubscriptionPlan\" WHERE \"SubscriptionPlan\".\"id\" = 'pro_plan_id';"},"original":{"length":111,"name":"error","severity":"ERROR","code":"22P02","position":"174","file":"uuid.c","line":"174","routine":"string_to_uuid","sql":"SELECT \"id\", \"name\", \"price\", \"description\", \"maxUsers\", \"features\", \"createdAt\", \"updatedAt\" FROM \"SubscriptionPlans\" AS \"SubscriptionPlan\" WHERE \"SubscriptionPlan\".\"id\" = 'pro_plan_id';"},"sql":"SELECT \"id\", \"name\", \"price\", \"description\", \"maxUsers\", \"features\", \"createdAt\", \"updatedAt\" FROM \"SubscriptionPlans\" AS \"SubscriptionPlan\" WHERE \"SubscriptionPlan\".\"id\" = 'pro_plan_id';","parameters":{}}
Create Order Error: {"name":"SequelizeDatabaseError","parent":{"length":111,"name":"error","severity":"ERROR","code":"22P02","position":"174","file":"uuid.c","line":"174","routine":"string_to_uuid","sql":"SELECT \"id\", \"name\", \"price\", \"description\", \"maxUsers\", \"features\", \"createdAt\", \"updatedAt\" FROM \"SubscriptionPlans\" AS \"SubscriptionPlan\" WHERE \"SubscriptionPlan\".\"id\" = 'pro_plan_id';"},"original":{"length":111,"name":"error","severity":"ERROR","code":"22P02","position":"174","file":"uuid.c","line":"174","routine":"string_to_uuid","sql":"SELECT \"id\", \"name\", \"price\", \"description\", \"maxUsers\", \"features\", \"createdAt\", \"updatedAt\" FROM \"SubscriptionPlans\" AS \"SubscriptionPlan\" WHERE \"SubscriptionPlan\".\"id\" = 'pro_plan_id';"},"sql":"SELECT \"id\", \"name\", \"price\", \"description\", \"maxUsers\", \"features\", \"createdAt\", \"updatedAt\" FROM \"SubscriptionPlans\" AS \"SubscriptionPlan\" WHERE \"SubscriptionPlan\".\"id\" = 'pro_plan_id';","parameters":{}}
[ERROR-62de5e4fdc41cdaa] {"message":"column User.pendingEmail does not exist","stack":"Error\n    at Query.run (C:\\Users\\navee\\OneDrive\\Desktop\\tally\\Tally_accounting\\backend\\node_modules\\sequelize\\lib\\dialects\\postgres\\query.js:50:25)\n    at C:\\Users\\navee\\OneDrive\\Desktop\\tally\\Tally_accounting\\backend\\node_modules\\sequelize\\lib\\sequelize.js:315:28\n    at async PostgresQueryInterface.select (C:\\Users\\navee\\OneDrive\\Desktop\\tally\\Tally_accounting\\backend\\node_modules\\sequelize\\lib\\dialects\\abstract\\query-interface.js:407:12)\n    at async User.findAll (C:\\Users\\navee\\OneDrive\\Desktop\\tally\\Tally_accounting\\backend\\node_modules\\sequelize\\lib\\model.js:1140:21)\n    at async User.findOne (C:\\Users\\navee\\OneDrive\\Desktop\\tally\\Tally_accounting\\backend\\node_modules\\sequelize\\lib\\model.js:1240:12)\n    at async User.findByPk (C:\\Users\\navee\\OneDrive\\Desktop\\tally\\Tally_accounting\\backend\\node_modules\\sequelize\\lib\\model.js:1221:12)\n    at async exports.tenantAccess (C:\\Users\\navee\\OneDrive\\Desktop\\tally\\Tally_accounting\\backend\\middleware\\auth.middleware.js:97:18)","path":"/api/support","method":"GET","user":"78be82ce-bc11-4702-9bae-01bd26472e02"}
Failed to fetch /me: {"name":"SequelizeDatabaseError","parent":{"length":116,"name":"error","severity":"ERROR","code":"42703","position":"225","file":"parse_relation.c","line":"3822","routine":"errorMissingColumn","sql":"SELECT \"User\".\"id\", \"User\".\"CreatedBy\", \"User\".\"ModifiedBy\", \"User\".\"name\", \"User\".\"email\", \"User\".\"password\", \"User\".\"role\", \"User\".\"activeCompanyId\", \"User\".\"oauthOnly\", \"User\".\"failedLoginAttempts\", \"User\".\"lockedUntil\", \"User\".\"pendingEmail\", \"User\".\"emailVerificationToken\", \"User\".\"emailVerificationExpiry\", \"User\".\"notificationPreferences\", \"User\".\"createdAt\", \"User\".\"updatedAt\", \"User\".\"RoleId\", \"Companies\".\"id\" AS \"Companies.id\", \"Companies\".\"CreatedBy\" AS \"Companies.CreatedBy\", \"Companies\".\"ModifiedBy\" AS \"Companies.ModifiedBy\", \"Companies\".\"name\" AS \"Companies.name\", \"Companies\".\"gstNumber\" AS \"Companies.gstNumber\", \"Companies\".\"state\" AS \"Companies.state\", \"Companies\".\"panNumber\" AS \"Companies.panNumber\", \"Companies\".\"address\" AS \"Companies.address\", \"Companies\".\"logoUrl\" AS \"Companies.logoUrl\", \"Companies\".\"industry\" AS \"Companies.industry\", \"Companies\".\"location\" AS \"Companies.location\", \"Companies\".\"street1\" AS \"Companies.street1\", \"Companies\".\"street2\" AS \"Companies.street2\", \"Companies\".\"city\" AS \"Companies.city\", \"Companies\".\"pincode\" AS \"Companies.pincode\", \"Companies\".\"phone\" AS \"Companies.phone\", \"Companies\".\"faxNumber\" AS \"Companies.faxNumber\", \"Companies\".\"website\" AS \"Companies.website\", \"Companies\".\"baseCurrency\" AS \"Companies.baseCurrency\", \"Companies\".\"fiscalYear\" AS \"Companies.fiscalYear\", \"Companies\".\"reportBasis\" AS \"Companies.reportBasis\", \"Companies\".\"language\" AS \"Companies.language\", \"Companies\".\"timezone\" AS \"Companies.timezone\", \"Companies\".\"dateFormat\" AS \"Companies.dateFormat\", \"Companies\".\"organizationId\" AS \"Companies.organizationId\", \"Companies\".\"financialYearStart\" AS \"Companies.financialYearStart\", \"Companies\".\"booksBeginningFrom\" AS \"Companies.booksBeginningFrom\", \"Companies\".\"features\" AS \"Companies.features\", \"Companies\".\"additionalFields\" AS \"Companies.additionalFields\", \"Companies\".\"userId\" AS \"Companies.userId\", \"Companies\".\"accountType\" AS \"Companies.accountType\", \"Companies\".\"trialStartDate\" AS \"Companies.trialStartDate\", \"Companies\".\"trialEndsAt\" AS \"Companies.trialEndsAt\", \"Companies\".\"subscriptionStatus\" AS \"Companies.subscriptionStatus\", \"Companies\".\"planId\" AS \"Companies.planId\", \"Companies\".\"createdAt\" AS \"Companies.createdAt\", \"Companies\".\"updatedAt\" AS \"Companies.updatedAt\" FROM \"Users\" AS \"User\" LEFT OUTER JOIN ( \"UserCompanies\" AS \"Companies->UserCompanies\" INNER JOIN \"Companies\" AS \"Companies\" ON \"Companies\".\"id\" = \"Companies->UserCompanies\".\"companyId\") ON \"User\".\"id\" = \"Companies->UserCompanies\".\"userId\" WHERE \"User\".\"id\" = '78be82ce-bc11-4702-9bae-01bd26472e02';"},"original":{"length":116,"name":"error","severity":"ERROR","code":"42703","position":"225","file":"parse_relation.c","line":"3822","routine":"errorMissingColumn","sql":"SELECT \"User\".\"id\", \"User\".\"CreatedBy\", \"User\".\"ModifiedBy\", \"User\".\"name\", \"User\".\"email\", \"User\".\"password\", \"User\".\"role\", \"User\".\"activeCompanyId\", \"User\".\"oauthOnly\", \"User\".\"failedLoginAttempts\", \"User\".\"lockedUntil\", \"User\".\"pendingEmail\", \"User\".\"emailVerificationToken\", \"User\".\"emailVerificationExpiry\", \"User\".\"notificationPreferences\", \"User\".\"createdAt\", \"User\".\"updatedAt\", \"User\".\"RoleId\", \"Companies\".\"id\" AS \"Companies.id\", \"Companies\".\"CreatedBy\" AS \"Companies.CreatedBy\", \"Companies\".\"ModifiedBy\" AS \"Companies.ModifiedBy\", \"Companies\".\"name\" AS \"Companies.name\", \"Companies\".\"gstNumber\" AS \"Companies.gstNumber\", \"Companies\".\"state\" AS \"Companies.state\", \"Companies\".\"panNumber\" AS \"Companies.panNumber\", \"Companies\".\"address\" AS \"Companies.address\", \"Companies\".\"logoUrl\" AS \"Companies.logoUrl\", \"Companies\".\"industry\" AS \"Companies.industry\", \"Companies\".\"location\" AS \"Companies.location\", \"Companies\".\"street1\" AS \"Companies.street1\", \"Companies\".\"street2\" AS \"Companies.street2\", \"Companies\".\"city\" AS \"Companies.city\", \"Companies\".\"pincode\" AS \"Companies.pincode\", \"Companies\".\"phone\" AS \"Companies.phone\", \"Companies\".\"faxNumber\" AS \"Companies.faxNumber\", \"Companies\".\"website\" AS \"Companies.website\", \"Companies\".\"baseCurrency\" AS \"Companies.baseCurrency\", \"Companies\".\"fiscalYear\" AS \"Companies.fiscalYear\", \"Companies\".\"reportBasis\" AS \"Companies.reportBasis\", \"Companies\".\"language\" AS \"Companies.language\", \"Companies\".\"timezone\" AS \"Companies.timezone\", \"Companies\".\"dateFormat\" AS \"Companies.dateFormat\", \"Companies\".\"organizationId\" AS \"Companies.organizationId\", \"Companies\".\"financialYearStart\" AS \"Companies.financialYearStart\", \"Companies\".\"booksBeginningFrom\" AS \"Companies.booksBeginningFrom\", \"Companies\".\"features\" AS \"Companies.features\", \"Companies\".\"additionalFields\" AS \"Companies.additionalFields\", \"Companies\".\"userId\" AS \"Companies.userId\", \"Companies\".\"accountType\" AS \"Companies.accountType\", \"Companies\".\"trialStartDate\" AS \"Companies.trialStartDate\", \"Companies\".\"trialEndsAt\" AS \"Companies.trialEndsAt\", \"Companies\".\"subscriptionStatus\" AS \"Companies.subscriptionStatus\", \"Companies\".\"planId\" AS \"Companies.planId\", \"Companies\".\"createdAt\" AS \"Companies.createdAt\", \"Companies\".\"updatedAt\" AS \"Companies.updatedAt\" FROM \"Users\" AS \"User\" LEFT OUTER JOIN ( \"UserCompanies\" AS \"Companies->UserCompanies\" INNER JOIN \"Companies\" AS \"Companies\" ON \"Companies\".\"id\" = \"Companies->UserCompanies\".\"companyId\") ON \"User\".\"id\" = \"Companies->UserCompanies\".\"userId\" WHERE \"User\".\"id\" = '78be82ce-bc11-4702-9bae-01bd26472e02';"},"sql":"SELECT \"User\".\"id\", \"User\".\"CreatedBy\", \"User\".\"ModifiedBy\", \"User\".\"name\", \"User\".\"email\", \"User\".\"password\", \"User\".\"role\", \"User\".\"activeCompanyId\", \"User\".\"oauthOnly\", \"User\".\"failedLoginAttempts\", \"User\".\"lockedUntil\", \"User\".\"pendingEmail\", \"User\".\"emailVerificationToken\", \"User\".\"emailVerificationExpiry\", \"User\".\"notificationPreferences\", \"User\".\"createdAt\", \"User\".\"updatedAt\", \"User\".\"RoleId\", \"Companies\".\"id\" AS \"Companies.id\", \"Companies\".\"CreatedBy\" AS \"Companies.CreatedBy\", \"Companies\".\"ModifiedBy\" AS \"Companies.ModifiedBy\", \"Companies\".\"name\" AS \"Companies.name\", \"Companies\".\"gstNumber\" AS \"Companies.gstNumber\", \"Companies\".\"state\" AS \"Companies.state\", \"Companies\".\"panNumber\" AS \"Companies.panNumber\", \"Companies\".\"address\" AS \"Companies.address\", \"Companies\".\"logoUrl\" AS \"Companies.logoUrl\", \"Companies\".\"industry\" AS \"Companies.industry\", \"Companies\".\"location\" AS \"Companies.location\", \"Companies\".\"street1\" AS \"Companies.street1\", \"Companies\".\"street2\" AS \"Companies.street2\", \"Companies\".\"city\" AS \"Companies.city\", \"Companies\".\"pincode\" AS \"Companies.pincode\", \"Companies\".\"phone\" AS \"Companies.phone\", \"Companies\".\"faxNumber\" AS \"Companies.faxNumber\", \"Companies\".\"website\" AS \"Companies.website\", \"Companies\".\"baseCurrency\" AS \"Companies.baseCurrency\", \"Companies\".\"fiscalYear\" AS \"Companies.fiscalYear\", \"Companies\".\"reportBasis\" AS \"Companies.reportBasis\", \"Companies\".\"language\" AS \"Companies.language\", \"Companies\".\"timezone\" AS \"Companies.timezone\", \"Companies\".\"dateFormat\" AS \"Companies.dateFormat\", \"Companies\".\"organizationId\" AS \"Companies.organizationId\", \"Companies\".\"financialYearStart\" AS \"Companies.financialYearStart\", \"Companies\".\"booksBeginningFrom\" AS \"Companies.booksBeginningFrom\", \"Companies\".\"features\" AS \"Companies.features\", \"Companies\".\"additionalFields\" AS \"Companies.additionalFields\", \"Companies\".\"userId\" AS \"Companies.userId\", \"Companies\".\"accountType\" AS \"Companies.accountType\", \"Companies\".\"trialStartDate\" AS \"Companies.trialStartDate\", \"Companies\".\"trialEndsAt\" AS \"Companies.trialEndsAt\", \"Companies\".\"subscriptionStatus\" AS \"Companies.subscriptionStatus\", \"Companies\".\"planId\" AS \"Companies.planId\", \"Companies\".\"createdAt\" AS \"Companies.createdAt\", \"Companies\".\"updatedAt\" AS \"Companies.updatedAt\" FROM \"Users\" AS \"User\" LEFT OUTER JOIN ( \"UserCompanies\" AS \"Companies->UserCompanies\" INNER JOIN \"Companies\" AS \"Companies\" ON \"Companies\".\"id\" = \"Companies->UserCompanies\".\"companyId\") ON \"User\".\"id\" = \"Companies->UserCompanies\".\"userId\" WHERE \"User\".\"id\" = '78be82ce-bc11-4702-9bae-01bd26472e02';","parameters":{}}
Failed to fetch /me: {"name":"SequelizeDatabaseError","parent":{"length":116,"name":"error","severity":"ERROR","code":"42703","position":"225","file":"parse_relation.c","line":"3822","routine":"errorMissingColumn","sql":"SELECT \"User\".\"id\", \"User\".\"CreatedBy\", \"User\".\"ModifiedBy\", \"User\".\"name\", \"User\".\"email\", \"User\".\"password\", \"User\".\"role\", \"User\".\"activeCompanyId\", \"User\".\"oauthOnly\", \"User\".\"failedLoginAttempts\", \"User\".\"lockedUntil\", \"User\".\"pendingEmail\", \"User\".\"emailVerificationToken\", \"User\".\"emailVerificationExpiry\", \"User\".\"notificationPreferences\", \"User\".\"createdAt\", \"User\".\"updatedAt\", \"User\".\"RoleId\", \"Companies\".\"id\" AS \"Companies.id\", \"Companies\".\"CreatedBy\" AS \"Companies.CreatedBy\", \"Companies\".\"ModifiedBy\" AS \"Companies.ModifiedBy\", \"Companies\".\"name\" AS \"Companies.name\", \"Companies\".\"gstNumber\" AS \"Companies.gstNumber\", \"Companies\".\"state\" AS \"Companies.state\", \"Companies\".\"panNumber\" AS \"Companies.panNumber\", \"Companies\".\"address\" AS \"Companies.address\", \"Companies\".\"logoUrl\" AS \"Companies.logoUrl\", \"Companies\".\"industry\" AS \"Companies.industry\", \"Companies\".\"location\" AS \"Companies.location\", \"Companies\".\"street1\" AS \"Companies.street1\", \"Companies\".\"street2\" AS \"Companies.street2\", \"Companies\".\"city\" AS \"Companies.city\", \"Companies\".\"pincode\" AS \"Companies.pincode\", \"Companies\".\"phone\" AS \"Companies.phone\", \"Companies\".\"faxNumber\" AS \"Companies.faxNumber\", \"Companies\".\"website\" AS \"Companies.website\", \"Companies\".\"baseCurrency\" AS \"Companies.baseCurrency\", \"Companies\".\"fiscalYear\" AS \"Companies.fiscalYear\", \"Companies\".\"reportBasis\" AS \"Companies.reportBasis\", \"Companies\".\"language\" AS \"Companies.language\", \"Companies\".\"timezone\" AS \"Companies.timezone\", \"Companies\".\"dateFormat\" AS \"Companies.dateFormat\", \"Companies\".\"organizationId\" AS \"Companies.organizationId\", \"Companies\".\"financialYearStart\" AS \"Companies.financialYearStart\", \"Companies\".\"booksBeginningFrom\" AS \"Companies.booksBeginningFrom\", \"Companies\".\"features\" AS \"Companies.features\", \"Companies\".\"additionalFields\" AS \"Companies.additionalFields\", \"Companies\".\"userId\" AS \"Companies.userId\", \"Companies\".\"accountType\" AS \"Companies.accountType\", \"Companies\".\"trialStartDate\" AS \"Companies.trialStartDate\", \"Companies\".\"trialEndsAt\" AS \"Companies.trialEndsAt\", \"Companies\".\"subscriptionStatus\" AS \"Companies.subscriptionStatus\", \"Companies\".\"planId\" AS \"Companies.planId\", \"Companies\".\"createdAt\" AS \"Companies.createdAt\", \"Companies\".\"updatedAt\" AS \"Companies.updatedAt\" FROM \"Users\" AS \"User\" LEFT OUTER JOIN ( \"UserCompanies\" AS \"Companies->UserCompanies\" INNER JOIN \"Companies\" AS \"Companies\" ON \"Companies\".\"id\" = \"Companies->UserCompanies\".\"companyId\") ON \"User\".\"id\" = \"Companies->UserCompanies\".\"userId\" WHERE \"User\".\"id\" = '78be82ce-bc11-4702-9bae-01bd26472e02';"},"original":{"length":116,"name":"error","severity":"ERROR","code":"42703","position":"225","file":"parse_relation.c","line":"3822","routine":"errorMissingColumn","sql":"SELECT \"User\".\"id\", \"User\".\"CreatedBy\", \"User\".\"ModifiedBy\", \"User\".\"name\", \"User\".\"email\", \"User\".\"password\", \"User\".\"role\", \"User\".\"activeCompanyId\", \"User\".\"oauthOnly\", \"User\".\"failedLoginAttempts\", \"User\".\"lockedUntil\", \"User\".\"pendingEmail\", \"User\".\"emailVerificationToken\", \"User\".\"emailVerificationExpiry\", \"User\".\"notificationPreferences\", \"User\".\"createdAt\", \"User\".\"updatedAt\", \"User\".\"RoleId\", \"Companies\".\"id\" AS \"Companies.id\", \"Companies\".\"CreatedBy\" AS \"Companies.CreatedBy\", \"Companies\".\"ModifiedBy\" AS \"Companies.ModifiedBy\", \"Companies\".\"name\" AS \"Companies.name\", \"Companies\".\"gstNumber\" AS \"Companies.gstNumber\", \"Companies\".\"state\" AS \"Companies.state\", \"Companies\".\"panNumber\" AS \"Companies.panNumber\", \"Companies\".\"address\" AS \"Companies.address\", \"Companies\".\"logoUrl\" AS \"Companies.logoUrl\", \"Companies\".\"industry\" AS \"Companies.industry\", \"Companies\".\"location\" AS \"Companies.location\", \"Companies\".\"street1\" AS \"Companies.street1\", \"Companies\".\"street2\" AS \"Companies.street2\", \"Companies\".\"city\" AS \"Companies.city\", \"Companies\".\"pincode\" AS \"Companies.pincode\", \"Companies\".\"phone\" AS \"Companies.phone\", \"Companies\".\"faxNumber\" AS \"Companies.faxNumber\", \"Companies\".\"website\" AS \"Companies.website\", \"Companies\".\"baseCurrency\" AS \"Companies.baseCurrency\", \"Companies\".\"fiscalYear\" AS \"Companies.fiscalYear\", \"Companies\".\"reportBasis\" AS \"Companies.reportBasis\", \"Companies\".\"language\" AS \"Companies.language\", \"Companies\".\"timezone\" AS \"Companies.timezone\", \"Companies\".\"dateFormat\" AS \"Companies.dateFormat\", \"Companies\".\"organizationId\" AS \"Companies.organizationId\", \"Companies\".\"financialYearStart\" AS \"Companies.financialYearStart\", \"Companies\".\"booksBeginningFrom\" AS \"Companies.booksBeginningFrom\", \"Companies\".\"features\" AS \"Companies.features\", \"Companies\".\"additionalFields\" AS \"Companies.additionalFields\", \"Companies\".\"userId\" AS \"Companies.userId\", \"Companies\".\"accountType\" AS \"Companies.accountType\", \"Companies\".\"trialStartDate\" AS \"Companies.trialStartDate\", \"Companies\".\"trialEndsAt\" AS \"Companies.trialEndsAt\", \"Companies\".\"subscriptionStatus\" AS \"Companies.subscriptionStatus\", \"Companies\".\"planId\" AS \"Companies.planId\", \"Companies\".\"createdAt\" AS \"Companies.createdAt\", \"Companies\".\"updatedAt\" AS \"Companies.updatedAt\" FROM \"Users\" AS \"User\" LEFT OUTER JOIN ( \"UserCompanies\" AS \"Companies->UserCompanies\" INNER JOIN \"Companies\" AS \"Companies\" ON \"Companies\".\"id\" = \"Companies->UserCompanies\".\"companyId\") ON \"User\".\"id\" = \"Companies->UserCompanies\".\"userId\" WHERE \"User\".\"id\" = '78be82ce-bc11-4702-9bae-01bd26472e02';"},"sql":"SELECT \"User\".\"id\", \"User\".\"CreatedBy\", \"User\".\"ModifiedBy\", \"User\".\"name\", \"User\".\"email\", \"User\".\"password\", \"User\".\"role\", \"User\".\"activeCompanyId\", \"User\".\"oauthOnly\", \"User\".\"failedLoginAttempts\", \"User\".\"lockedUntil\", \"User\".\"pendingEmail\", \"User\".\"emailVerificationToken\", \"User\".\"emailVerificationExpiry\", \"User\".\"notificationPreferences\", \"User\".\"createdAt\", \"User\".\"updatedAt\", \"User\".\"RoleId\", \"Companies\".\"id\" AS \"Companies.id\", \"Companies\".\"CreatedBy\" AS \"Companies.CreatedBy\", \"Companies\".\"ModifiedBy\" AS \"Companies.ModifiedBy\", \"Companies\".\"name\" AS \"Companies.name\", \"Companies\".\"gstNumber\" AS \"Companies.gstNumber\", \"Companies\".\"state\" AS \"Companies.state\", \"Companies\".\"panNumber\" AS \"Companies.panNumber\", \"Companies\".\"address\" AS \"Companies.address\", \"Companies\".\"logoUrl\" AS \"Companies.logoUrl\", \"Companies\".\"industry\" AS \"Companies.industry\", \"Companies\".\"location\" AS \"Companies.location\", \"Companies\".\"street1\" AS \"Companies.street1\", \"Companies\".\"street2\" AS \"Companies.street2\", \"Companies\".\"city\" AS \"Companies.city\", \"Companies\".\"pincode\" AS \"Companies.pincode\", \"Companies\".\"phone\" AS \"Companies.phone\", \"Companies\".\"faxNumber\" AS \"Companies.faxNumber\", \"Companies\".\"website\" AS \"Companies.website\", \"Companies\".\"baseCurrency\" AS \"Companies.baseCurrency\", \"Companies\".\"fiscalYear\" AS \"Companies.fiscalYear\", \"Companies\".\"reportBasis\" AS \"Companies.reportBasis\", \"Companies\".\"language\" AS \"Companies.language\", \"Companies\".\"timezone\" AS \"Companies.timezone\", \"Companies\".\"dateFormat\" AS \"Companies.dateFormat\", \"Companies\".\"organizationId\" AS \"Companies.organizationId\", \"Companies\".\"financialYearStart\" AS \"Companies.financialYearStart\", \"Companies\".\"booksBeginningFrom\" AS \"Companies.booksBeginningFrom\", \"Companies\".\"features\" AS \"Companies.features\", \"Companies\".\"additionalFields\" AS \"Companies.additionalFields\", \"Companies\".\"userId\" AS \"Companies.userId\", \"Companies\".\"accountType\" AS \"Companies.accountType\", \"Companies\".\"trialStartDate\" AS \"Companies.trialStartDate\", \"Companies\".\"trialEndsAt\" AS \"Companies.trialEndsAt\", \"Companies\".\"subscriptionStatus\" AS \"Companies.subscriptionStatus\", \"Companies\".\"planId\" AS \"Companies.planId\", \"Companies\".\"createdAt\" AS \"Companies.createdAt\", \"Companies\".\"updatedAt\" AS \"Companies.updatedAt\" FROM \"Users\" AS \"User\" LEFT OUTER JOIN ( \"UserCompanies\" AS \"Companies->UserCompanies\" INNER JOIN \"Companies\" AS \"Companies\" ON \"Companies\".\"id\" = \"Companies->UserCompanies\".\"companyId\") ON \"User\".\"id\" = \"Companies->UserCompanies\".\"userId\" WHERE \"User\".\"id\" = '78be82ce-bc11-4702-9bae-01bd26472e02';","parameters":{}}
[AUTH-LOGIN-28a864b5f578] column User.pendingEmail does not exist Error
    at Query.run (C:\Users\navee\OneDrive\Desktop\tally\Tally_accounting\backend\node_modules\sequelize\lib\dialects\postgres\query.js:50:25)
    at C:\Users\navee\OneDrive\Desktop\tally\Tally_accounting\backend\node_modules\sequelize\lib\sequelize.js:315:28
    at async PostgresQueryInterface.select (C:\Users\navee\OneDrive\Desktop\tally\Tally_accounting\backend\node_modules\sequelize\lib\dialects\abstract\query-interface.js:407:12)
    at async User.findAll (C:\Users\navee\OneDrive\Desktop\tally\Tally_accounting\backend\node_modules\sequelize\lib\model.js:1140:21)
    at async User.findOne (C:\Users\navee\OneDrive\Desktop\tally\Tally_accounting\backend\node_modules\sequelize\lib\model.js:1240:12)
    at async exports.login (C:\Users\navee\OneDrive\Desktop\tally\Tally_accounting\backend\modules\auth\auth.controller.js:188:18)
[AUTH-LOGIN-68f6c226445c] column User.pendingEmail does not exist Error
    at Query.run (C:\Users\navee\OneDrive\Desktop\tally\Tally_accounting\backend\node_modules\sequelize\lib\dialects\postgres\query.js:50:25)
    at C:\Users\navee\OneDrive\Desktop\tally\Tally_accounting\backend\node_modules\sequelize\lib\sequelize.js:315:28
    at async PostgresQueryInterface.select (C:\Users\navee\OneDrive\Desktop\tally\Tally_accounting\backend\node_modules\sequelize\lib\dialects\abstract\query-interface.js:407:12)
    at async User.findAll (C:\Users\navee\OneDrive\Desktop\tally\Tally_accounting\backend\node_modules\sequelize\lib\model.js:1140:21)
    at async User.findOne (C:\Users\navee\OneDrive\Desktop\tally\Tally_accounting\backend\node_modules\sequelize\lib\model.js:1240:12)
    at async exports.login (C:\Users\navee\OneDrive\Desktop\tally\Tally_accounting\backend\modules\auth\auth.controller.js:188:18)
[ERROR-ea8cc873fff7d74e] {"message":"column User.pendingEmail does not exist","stack":"Error\n    at Query.run (C:\\Users\\navee\\OneDrive\\Desktop\\tally\\Tally_accounting\\backend\\node_modules\\sequelize\\lib\\dialects\\postgres\\query.js:50:25)\n    at C:\\Users\\navee\\OneDrive\\Desktop\\tally\\Tally_accounting\\backend\\node_modules\\sequelize\\lib\\sequelize.js:315:28\n    at async PostgresQueryInterface.select (C:\\Users\\navee\\OneDrive\\Desktop\\tally\\Tally_accounting\\backend\\node_modules\\sequelize\\lib\\dialects\\abstract\\query-interface.js:407:12)\n    at async User.findAll (C:\\Users\\navee\\OneDrive\\Desktop\\tally\\Tally_accounting\\backend\\node_modules\\sequelize\\lib\\model.js:1140:21)\n    at async User.findOne (C:\\Users\\navee\\OneDrive\\Desktop\\tally\\Tally_accounting\\backend\\node_modules\\sequelize\\lib\\model.js:1240:12)\n    at async User.findByPk (C:\\Users\\navee\\OneDrive\\Desktop\\tally\\Tally_accounting\\backend\\node_modules\\sequelize\\lib\\model.js:1221:12)\n    at async exports.tenantAccess (C:\\Users\\navee\\OneDrive\\Desktop\\tally\\Tally_accounting\\backend\\middleware\\auth.middleware.js:97:18)","path":"/api/companies/9e2261ae-dd0a-47f9-b14d-5c6fb9dfb505","method":"GET","user":"78be82ce-bc11-4702-9bae-01bd26472e02"}
[AUTH-LOGIN-2628edb845f5] column User.pendingEmail does not exist Error
    at Query.run (C:\Users\navee\OneDrive\Desktop\tally\Tally_accounting\backend\node_modules\sequelize\lib\dialects\postgres\query.js:50:25)
    at C:\Users\navee\OneDrive\Desktop\tally\Tally_accounting\backend\node_modules\sequelize\lib\sequelize.js:315:28
    at async PostgresQueryInterface.select (C:\Users\navee\OneDrive\Desktop\tally\Tally_accounting\backend\node_modules\sequelize\lib\dialects\abstract\query-interface.js:407:12)
    at async User.findAll (C:\Users\navee\OneDrive\Desktop\tally\Tally_accounting\backend\node_modules\sequelize\lib\model.js:1140:21)
    at async User.findOne (C:\Users\navee\OneDrive\Desktop\tally\Tally_accounting\backend\node_modules\sequelize\lib\model.js:1240:12)
    at async exports.login (C:\Users\navee\OneDrive\Desktop\tally\Tally_accounting\backend\modules\auth\auth.controller.js:188:18)
[AUTH-LOGIN-41a84270c36d] column User.pendingEmail does not exist Error
    at Query.run (C:\Users\navee\OneDrive\Desktop\tally\Tally_accounting\backend\node_modules\sequelize\lib\dialects\postgres\query.js:50:25)
    at C:\Users\navee\OneDrive\Desktop\tally\Tally_accounting\backend\node_modules\sequelize\lib\sequelize.js:315:28
    at async PostgresQueryInterface.select (C:\Users\navee\OneDrive\Desktop\tally\Tally_accounting\backend\node_modules\sequelize\lib\dialects\abstract\query-interface.js:407:12)
    at async User.findAll (C:\Users\navee\OneDrive\Desktop\tally\Tally_accounting\backend\node_modules\sequelize\lib\model.js:1140:21)
    at async User.findOne (C:\Users\navee\OneDrive\Desktop\tally\Tally_accounting\backend\node_modules\sequelize\lib\model.js:1240:12)
    at async exports.login (C:\Users\navee\OneDrive\Desktop\tally\Tally_accounting\backend\modules\auth\auth.controller.js:188:18)
[ERROR-db259315454ed9f4] {"message":"column User.pendingEmail does not exist","stack":"Error\n    at Query.run (C:\\Users\\navee\\OneDrive\\Desktop\\tally\\Tally_accounting\\backend\\node_modules\\sequelize\\lib\\dialects\\postgres\\query.js:50:25)\n    at C:\\Users\\navee\\OneDrive\\Desktop\\tally\\Tally_accounting\\backend\\node_modules\\sequelize\\lib\\sequelize.js:315:28\n    at process.processTicksAndRejections (node:internal/process/task_queues:105:5)\n    at async PostgresQueryInterface.select (C:\\Users\\navee\\OneDrive\\Desktop\\tally\\Tally_accounting\\backend\\node_modules\\sequelize\\lib\\dialects\\abstract\\query-interface.js:407:12)\n    at async User.findAll (C:\\Users\\navee\\OneDrive\\Desktop\\tally\\Tally_accounting\\backend\\node_modules\\sequelize\\lib\\model.js:1140:21)\n    at async User.findOne (C:\\Users\\navee\\OneDrive\\Desktop\\tally\\Tally_accounting\\backend\\node_modules\\sequelize\\lib\\model.js:1240:12)\n    at async User.findByPk (C:\\Users\\navee\\OneDrive\\Desktop\\tally\\Tally_accounting\\backend\\node_modules\\sequelize\\lib\\model.js:1221:12)\n    at async exports.tenantAccess (C:\\Users\\navee\\OneDrive\\Desktop\\tally\\Tally_accounting\\backend\\middleware\\auth.middleware.js:97:18)","path":"/api/companies/9e2261ae-dd0a-47f9-b14d-5c6fb9dfb505","method":"GET","user":"78be82ce-bc11-4702-9bae-01bd26472e02"}
[ERROR-61db582cda6ada45] {"message":"column User.pendingEmail does not exist","stack":"Error\n    at Query.run (C:\\Users\\navee\\OneDrive\\Desktop\\tally\\Tally_accounting\\backend\\node_modules\\sequelize\\lib\\dialects\\postgres\\query.js:50:25)\n    at C:\\Users\\navee\\OneDrive\\Desktop\\tally\\Tally_accounting\\backend\\node_modules\\sequelize\\lib\\sequelize.js:315:28\n    at async PostgresQueryInterface.select (C:\\Users\\navee\\OneDrive\\Desktop\\tally\\Tally_accounting\\backend\\node_modules\\sequelize\\lib\\dialects\\abstract\\query-interface.js:407:12)\n    at async User.findAll (C:\\Users\\navee\\OneDrive\\Desktop\\tally\\Tally_accounting\\backend\\node_modules\\sequelize\\lib\\model.js:1140:21)\n    at async User.findOne (C:\\Users\\navee\\OneDrive\\Desktop\\tally\\Tally_accounting\\backend\\node_modules\\sequelize\\lib\\model.js:1240:12)\n    at async User.findByPk (C:\\Users\\navee\\OneDrive\\Desktop\\tally\\Tally_accounting\\backend\\node_modules\\sequelize\\lib\\model.js:1221:12)\n    at async exports.getCompanyById (C:\\Users\\navee\\OneDrive\\Desktop\\tally\\Tally_accounting\\backend\\modules\\company\\company.controller.js:198:20)","path":"/api/companies/9e2261ae-dd0a-47f9-b14d-5c6fb9dfb505","method":"GET","user":"78be82ce-bc11-4702-9bae-01bd26472e02"}
Failed to fetch /me: {"name":"SequelizeDatabaseError","parent":{"length":116,"name":"error","severity":"ERROR","code":"42703","position":"225","file":"parse_relation.c","line":"3822","routine":"errorMissingColumn","sql":"SELECT \"User\".\"id\", \"User\".\"CreatedBy\", \"User\".\"ModifiedBy\", \"User\".\"name\", \"User\".\"email\", \"User\".\"password\", \"User\".\"role\", \"User\".\"activeCompanyId\", \"User\".\"oauthOnly\", \"User\".\"failedLoginAttempts\", \"User\".\"lockedUntil\", \"User\".\"pendingEmail\", \"User\".\"emailVerificationToken\", \"User\".\"emailVerificationExpiry\", \"User\".\"notificationPreferences\", \"User\".\"createdAt\", \"User\".\"updatedAt\", \"User\".\"RoleId\", \"Companies\".\"id\" AS \"Companies.id\", \"Companies\".\"CreatedBy\" AS \"Companies.CreatedBy\", \"Companies\".\"ModifiedBy\" AS \"Companies.ModifiedBy\", \"Companies\".\"name\" AS \"Companies.name\", \"Companies\".\"gstNumber\" AS \"Companies.gstNumber\", \"Companies\".\"state\" AS \"Companies.state\", \"Companies\".\"panNumber\" AS \"Companies.panNumber\", \"Companies\".\"address\" AS \"Companies.address\", \"Companies\".\"logoUrl\" AS \"Companies.logoUrl\", \"Companies\".\"industry\" AS \"Companies.industry\", \"Companies\".\"location\" AS \"Companies.location\", \"Companies\".\"street1\" AS \"Companies.street1\", \"Companies\".\"street2\" AS \"Companies.street2\", \"Companies\".\"city\" AS \"Companies.city\", \"Companies\".\"pincode\" AS \"Companies.pincode\", \"Companies\".\"phone\" AS \"Companies.phone\", \"Companies\".\"faxNumber\" AS \"Companies.faxNumber\", \"Companies\".\"website\" AS \"Companies.website\", \"Companies\".\"baseCurrency\" AS \"Companies.baseCurrency\", \"Companies\".\"fiscalYear\" AS \"Companies.fiscalYear\", \"Companies\".\"reportBasis\" AS \"Companies.reportBasis\", \"Companies\".\"language\" AS \"Companies.language\", \"Companies\".\"timezone\" AS \"Companies.timezone\", \"Companies\".\"dateFormat\" AS \"Companies.dateFormat\", \"Companies\".\"organizationId\" AS \"Companies.organizationId\", \"Companies\".\"financialYearStart\" AS \"Companies.financialYearStart\", \"Companies\".\"booksBeginningFrom\" AS \"Companies.booksBeginningFrom\", \"Companies\".\"features\" AS \"Companies.features\", \"Companies\".\"additionalFields\" AS \"Companies.additionalFields\", \"Companies\".\"userId\" AS \"Companies.userId\", \"Companies\".\"accountType\" AS \"Companies.accountType\", \"Companies\".\"trialStartDate\" AS \"Companies.trialStartDate\", \"Companies\".\"trialEndsAt\" AS \"Companies.trialEndsAt\", \"Companies\".\"subscriptionStatus\" AS \"Companies.subscriptionStatus\", \"Companies\".\"planId\" AS \"Companies.planId\", \"Companies\".\"createdAt\" AS \"Companies.createdAt\", \"Companies\".\"updatedAt\" AS \"Companies.updatedAt\" FROM \"Users\" AS \"User\" LEFT OUTER JOIN ( \"UserCompanies\" AS \"Companies->UserCompanies\" INNER JOIN \"Companies\" AS \"Companies\" ON \"Companies\".\"id\" = \"Companies->UserCompanies\".\"companyId\") ON \"User\".\"id\" = \"Companies->UserCompanies\".\"userId\" WHERE \"User\".\"id\" = '78be82ce-bc11-4702-9bae-01bd26472e02';"},"original":{"length":116,"name":"error","severity":"ERROR","code":"42703","position":"225","file":"parse_relation.c","line":"3822","routine":"errorMissingColumn","sql":"SELECT \"User\".\"id\", \"User\".\"CreatedBy\", \"User\".\"ModifiedBy\", \"User\".\"name\", \"User\".\"email\", \"User\".\"password\", \"User\".\"role\", \"User\".\"activeCompanyId\", \"User\".\"oauthOnly\", \"User\".\"failedLoginAttempts\", \"User\".\"lockedUntil\", \"User\".\"pendingEmail\", \"User\".\"emailVerificationToken\", \"User\".\"emailVerificationExpiry\", \"User\".\"notificationPreferences\", \"User\".\"createdAt\", \"User\".\"updatedAt\", \"User\".\"RoleId\", \"Companies\".\"id\" AS \"Companies.id\", \"Companies\".\"CreatedBy\" AS \"Companies.CreatedBy\", \"Companies\".\"ModifiedBy\" AS \"Companies.ModifiedBy\", \"Companies\".\"name\" AS \"Companies.name\", \"Companies\".\"gstNumber\" AS \"Companies.gstNumber\", \"Companies\".\"state\" AS \"Companies.state\", \"Companies\".\"panNumber\" AS \"Companies.panNumber\", \"Companies\".\"address\" AS \"Companies.address\", \"Companies\".\"logoUrl\" AS \"Companies.logoUrl\", \"Companies\".\"industry\" AS \"Companies.industry\", \"Companies\".\"location\" AS \"Companies.location\", \"Companies\".\"street1\" AS \"Companies.street1\", \"Companies\".\"street2\" AS \"Companies.street2\", \"Companies\".\"city\" AS \"Companies.city\", \"Companies\".\"pincode\" AS \"Companies.pincode\", \"Companies\".\"phone\" AS \"Companies.phone\", \"Companies\".\"faxNumber\" AS \"Companies.faxNumber\", \"Companies\".\"website\" AS \"Companies.website\", \"Companies\".\"baseCurrency\" AS \"Companies.baseCurrency\", \"Companies\".\"fiscalYear\" AS \"Companies.fiscalYear\", \"Companies\".\"reportBasis\" AS \"Companies.reportBasis\", \"Companies\".\"language\" AS \"Companies.language\", \"Companies\".\"timezone\" AS \"Companies.timezone\", \"Companies\".\"dateFormat\" AS \"Companies.dateFormat\", \"Companies\".\"organizationId\" AS \"Companies.organizationId\", \"Companies\".\"financialYearStart\" AS \"Companies.financialYearStart\", \"Companies\".\"booksBeginningFrom\" AS \"Companies.booksBeginningFrom\", \"Companies\".\"features\" AS \"Companies.features\", \"Companies\".\"additionalFields\" AS \"Companies.additionalFields\", \"Companies\".\"userId\" AS \"Companies.userId\", \"Companies\".\"accountType\" AS \"Companies.accountType\", \"Companies\".\"trialStartDate\" AS \"Companies.trialStartDate\", \"Companies\".\"trialEndsAt\" AS \"Companies.trialEndsAt\", \"Companies\".\"subscriptionStatus\" AS \"Companies.subscriptionStatus\", \"Companies\".\"planId\" AS \"Companies.planId\", \"Companies\".\"createdAt\" AS \"Companies.createdAt\", \"Companies\".\"updatedAt\" AS \"Companies.updatedAt\" FROM \"Users\" AS \"User\" LEFT OUTER JOIN ( \"UserCompanies\" AS \"Companies->UserCompanies\" INNER JOIN \"Companies\" AS \"Companies\" ON \"Companies\".\"id\" = \"Companies->UserCompanies\".\"companyId\") ON \"User\".\"id\" = \"Companies->UserCompanies\".\"userId\" WHERE \"User\".\"id\" = '78be82ce-bc11-4702-9bae-01bd26472e02';"},"sql":"SELECT \"User\".\"id\", \"User\".\"CreatedBy\", \"User\".\"ModifiedBy\", \"User\".\"name\", \"User\".\"email\", \"User\".\"password\", \"User\".\"role\", \"User\".\"activeCompanyId\", \"User\".\"oauthOnly\", \"User\".\"failedLoginAttempts\", \"User\".\"lockedUntil\", \"User\".\"pendingEmail\", \"User\".\"emailVerificationToken\", \"User\".\"emailVerificationExpiry\", \"User\".\"notificationPreferences\", \"User\".\"createdAt\", \"User\".\"updatedAt\", \"User\".\"RoleId\", \"Companies\".\"id\" AS \"Companies.id\", \"Companies\".\"CreatedBy\" AS \"Companies.CreatedBy\", \"Companies\".\"ModifiedBy\" AS \"Companies.ModifiedBy\", \"Companies\".\"name\" AS \"Companies.name\", \"Companies\".\"gstNumber\" AS \"Companies.gstNumber\", \"Companies\".\"state\" AS \"Companies.state\", \"Companies\".\"panNumber\" AS \"Companies.panNumber\", \"Companies\".\"address\" AS \"Companies.address\", \"Companies\".\"logoUrl\" AS \"Companies.logoUrl\", \"Companies\".\"industry\" AS \"Companies.industry\", \"Companies\".\"location\" AS \"Companies.location\", \"Companies\".\"street1\" AS \"Companies.street1\", \"Companies\".\"street2\" AS \"Companies.street2\", \"Companies\".\"city\" AS \"Companies.city\", \"Companies\".\"pincode\" AS \"Companies.pincode\", \"Companies\".\"phone\" AS \"Companies.phone\", \"Companies\".\"faxNumber\" AS \"Companies.faxNumber\", \"Companies\".\"website\" AS \"Companies.website\", \"Companies\".\"baseCurrency\" AS \"Companies.baseCurrency\", \"Companies\".\"fiscalYear\" AS \"Companies.fiscalYear\", \"Companies\".\"reportBasis\" AS \"Companies.reportBasis\", \"Companies\".\"language\" AS \"Companies.language\", \"Companies\".\"timezone\" AS \"Companies.timezone\", \"Companies\".\"dateFormat\" AS \"Companies.dateFormat\", \"Companies\".\"organizationId\" AS \"Companies.organizationId\", \"Companies\".\"financialYearStart\" AS \"Companies.financialYearStart\", \"Companies\".\"booksBeginningFrom\" AS \"Companies.booksBeginningFrom\", \"Companies\".\"features\" AS \"Companies.features\", \"Companies\".\"additionalFields\" AS \"Companies.additionalFields\", \"Companies\".\"userId\" AS \"Companies.userId\", \"Companies\".\"accountType\" AS \"Companies.accountType\", \"Companies\".\"trialStartDate\" AS \"Companies.trialStartDate\", \"Companies\".\"trialEndsAt\" AS \"Companies.trialEndsAt\", \"Companies\".\"subscriptionStatus\" AS \"Companies.subscriptionStatus\", \"Companies\".\"planId\" AS \"Companies.planId\", \"Companies\".\"createdAt\" AS \"Companies.createdAt\", \"Companies\".\"updatedAt\" AS \"Companies.updatedAt\" FROM \"Users\" AS \"User\" LEFT OUTER JOIN ( \"UserCompanies\" AS \"Companies->UserCompanies\" INNER JOIN \"Companies\" AS \"Companies\" ON \"Companies\".\"id\" = \"Companies->UserCompanies\".\"companyId\") ON \"User\".\"id\" = \"Companies->UserCompanies\".\"userId\" WHERE \"User\".\"id\" = '78be82ce-bc11-4702-9bae-01bd26472e02';","parameters":{}}
Failed to fetch /me: {"name":"SequelizeDatabaseError","parent":{"length":116,"name":"error","severity":"ERROR","code":"42703","position":"225","file":"parse_relation.c","line":"3822","routine":"errorMissingColumn","sql":"SELECT \"User\".\"id\", \"User\".\"CreatedBy\", \"User\".\"ModifiedBy\", \"User\".\"name\", \"User\".\"email\", \"User\".\"password\", \"User\".\"role\", \"User\".\"activeCompanyId\", \"User\".\"oauthOnly\", \"User\".\"failedLoginAttempts\", \"User\".\"lockedUntil\", \"User\".\"pendingEmail\", \"User\".\"emailVerificationToken\", \"User\".\"emailVerificationExpiry\", \"User\".\"notificationPreferences\", \"User\".\"createdAt\", \"User\".\"updatedAt\", \"User\".\"RoleId\", \"Companies\".\"id\" AS \"Companies.id\", \"Companies\".\"CreatedBy\" AS \"Companies.CreatedBy\", \"Companies\".\"ModifiedBy\" AS \"Companies.ModifiedBy\", \"Companies\".\"name\" AS \"Companies.name\", \"Companies\".\"gstNumber\" AS \"Companies.gstNumber\", \"Companies\".\"state\" AS \"Companies.state\", \"Companies\".\"panNumber\" AS \"Companies.panNumber\", \"Companies\".\"address\" AS \"Companies.address\", \"Companies\".\"logoUrl\" AS \"Companies.logoUrl\", \"Companies\".\"industry\" AS \"Companies.industry\", \"Companies\".\"location\" AS \"Companies.location\", \"Companies\".\"street1\" AS \"Companies.street1\", \"Companies\".\"street2\" AS \"Companies.street2\", \"Companies\".\"city\" AS \"Companies.city\", \"Companies\".\"pincode\" AS \"Companies.pincode\", \"Companies\".\"phone\" AS \"Companies.phone\", \"Companies\".\"faxNumber\" AS \"Companies.faxNumber\", \"Companies\".\"website\" AS \"Companies.website\", \"Companies\".\"baseCurrency\" AS \"Companies.baseCurrency\", \"Companies\".\"fiscalYear\" AS \"Companies.fiscalYear\", \"Companies\".\"reportBasis\" AS \"Companies.reportBasis\", \"Companies\".\"language\" AS \"Companies.language\", \"Companies\".\"timezone\" AS \"Companies.timezone\", \"Companies\".\"dateFormat\" AS \"Companies.dateFormat\", \"Companies\".\"organizationId\" AS \"Companies.organizationId\", \"Companies\".\"financialYearStart\" AS \"Companies.financialYearStart\", \"Companies\".\"booksBeginningFrom\" AS \"Companies.booksBeginningFrom\", \"Companies\".\"features\" AS \"Companies.features\", \"Companies\".\"additionalFields\" AS \"Companies.additionalFields\", \"Companies\".\"userId\" AS \"Companies.userId\", \"Companies\".\"accountType\" AS \"Companies.accountType\", \"Companies\".\"trialStartDate\" AS \"Companies.trialStartDate\", \"Companies\".\"trialEndsAt\" AS \"Companies.trialEndsAt\", \"Companies\".\"subscriptionStatus\" AS \"Companies.subscriptionStatus\", \"Companies\".\"planId\" AS \"Companies.planId\", \"Companies\".\"createdAt\" AS \"Companies.createdAt\", \"Companies\".\"updatedAt\" AS \"Companies.updatedAt\" FROM \"Users\" AS \"User\" LEFT OUTER JOIN ( \"UserCompanies\" AS \"Companies->UserCompanies\" INNER JOIN \"Companies\" AS \"Companies\" ON \"Companies\".\"id\" = \"Companies->UserCompanies\".\"companyId\") ON \"User\".\"id\" = \"Companies->UserCompanies\".\"userId\" WHERE \"User\".\"id\" = '78be82ce-bc11-4702-9bae-01bd26472e02';"},"original":{"length":116,"name":"error","severity":"ERROR","code":"42703","position":"225","file":"parse_relation.c","line":"3822","routine":"errorMissingColumn","sql":"SELECT \"User\".\"id\", \"User\".\"CreatedBy\", \"User\".\"ModifiedBy\", \"User\".\"name\", \"User\".\"email\", \"User\".\"password\", \"User\".\"role\", \"User\".\"activeCompanyId\", \"User\".\"oauthOnly\", \"User\".\"failedLoginAttempts\", \"User\".\"lockedUntil\", \"User\".\"pendingEmail\", \"User\".\"emailVerificationToken\", \"User\".\"emailVerificationExpiry\", \"User\".\"notificationPreferences\", \"User\".\"createdAt\", \"User\".\"updatedAt\", \"User\".\"RoleId\", \"Companies\".\"id\" AS \"Companies.id\", \"Companies\".\"CreatedBy\" AS \"Companies.CreatedBy\", \"Companies\".\"ModifiedBy\" AS \"Companies.ModifiedBy\", \"Companies\".\"name\" AS \"Companies.name\", \"Companies\".\"gstNumber\" AS \"Companies.gstNumber\", \"Companies\".\"state\" AS \"Companies.state\", \"Companies\".\"panNumber\" AS \"Companies.panNumber\", \"Companies\".\"address\" AS \"Companies.address\", \"Companies\".\"logoUrl\" AS \"Companies.logoUrl\", \"Companies\".\"industry\" AS \"Companies.industry\", \"Companies\".\"location\" AS \"Companies.location\", \"Companies\".\"street1\" AS \"Companies.street1\", \"Companies\".\"street2\" AS \"Companies.street2\", \"Companies\".\"city\" AS \"Companies.city\", \"Companies\".\"pincode\" AS \"Companies.pincode\", \"Companies\".\"phone\" AS \"Companies.phone\", \"Companies\".\"faxNumber\" AS \"Companies.faxNumber\", \"Companies\".\"website\" AS \"Companies.website\", \"Companies\".\"baseCurrency\" AS \"Companies.baseCurrency\", \"Companies\".\"fiscalYear\" AS \"Companies.fiscalYear\", \"Companies\".\"reportBasis\" AS \"Companies.reportBasis\", \"Companies\".\"language\" AS \"Companies.language\", \"Companies\".\"timezone\" AS \"Companies.timezone\", \"Companies\".\"dateFormat\" AS \"Companies.dateFormat\", \"Companies\".\"organizationId\" AS \"Companies.organizationId\", \"Companies\".\"financialYearStart\" AS \"Companies.financialYearStart\", \"Companies\".\"booksBeginningFrom\" AS \"Companies.booksBeginningFrom\", \"Companies\".\"features\" AS \"Companies.features\", \"Companies\".\"additionalFields\" AS \"Companies.additionalFields\", \"Companies\".\"userId\" AS \"Companies.userId\", \"Companies\".\"accountType\" AS \"Companies.accountType\", \"Companies\".\"trialStartDate\" AS \"Companies.trialStartDate\", \"Companies\".\"trialEndsAt\" AS \"Companies.trialEndsAt\", \"Companies\".\"subscriptionStatus\" AS \"Companies.subscriptionStatus\", \"Companies\".\"planId\" AS \"Companies.planId\", \"Companies\".\"createdAt\" AS \"Companies.createdAt\", \"Companies\".\"updatedAt\" AS \"Companies.updatedAt\" FROM \"Users\" AS \"User\" LEFT OUTER JOIN ( \"UserCompanies\" AS \"Companies->UserCompanies\" INNER JOIN \"Companies\" AS \"Companies\" ON \"Companies\".\"id\" = \"Companies->UserCompanies\".\"companyId\") ON \"User\".\"id\" = \"Companies->UserCompanies\".\"userId\" WHERE \"User\".\"id\" = '78be82ce-bc11-4702-9bae-01bd26472e02';"},"sql":"SELECT \"User\".\"id\", \"User\".\"CreatedBy\", \"User\".\"ModifiedBy\", \"User\".\"name\", \"User\".\"email\", \"User\".\"password\", \"User\".\"role\", \"User\".\"activeCompanyId\", \"User\".\"oauthOnly\", \"User\".\"failedLoginAttempts\", \"User\".\"lockedUntil\", \"User\".\"pendingEmail\", \"User\".\"emailVerificationToken\", \"User\".\"emailVerificationExpiry\", \"User\".\"notificationPreferences\", \"User\".\"createdAt\", \"User\".\"updatedAt\", \"User\".\"RoleId\", \"Companies\".\"id\" AS \"Companies.id\", \"Companies\".\"CreatedBy\" AS \"Companies.CreatedBy\", \"Companies\".\"ModifiedBy\" AS \"Companies.ModifiedBy\", \"Companies\".\"name\" AS \"Companies.name\", \"Companies\".\"gstNumber\" AS \"Companies.gstNumber\", \"Companies\".\"state\" AS \"Companies.state\", \"Companies\".\"panNumber\" AS \"Companies.panNumber\", \"Companies\".\"address\" AS \"Companies.address\", \"Companies\".\"logoUrl\" AS \"Companies.logoUrl\", \"Companies\".\"industry\" AS \"Companies.industry\", \"Companies\".\"location\" AS \"Companies.location\", \"Companies\".\"street1\" AS \"Companies.street1\", \"Companies\".\"street2\" AS \"Companies.street2\", \"Companies\".\"city\" AS \"Companies.city\", \"Companies\".\"pincode\" AS \"Companies.pincode\", \"Companies\".\"phone\" AS \"Companies.phone\", \"Companies\".\"faxNumber\" AS \"Companies.faxNumber\", \"Companies\".\"website\" AS \"Companies.website\", \"Companies\".\"baseCurrency\" AS \"Companies.baseCurrency\", \"Companies\".\"fiscalYear\" AS \"Companies.fiscalYear\", \"Companies\".\"reportBasis\" AS \"Companies.reportBasis\", \"Companies\".\"language\" AS \"Companies.language\", \"Companies\".\"timezone\" AS \"Companies.timezone\", \"Companies\".\"dateFormat\" AS \"Companies.dateFormat\", \"Companies\".\"organizationId\" AS \"Companies.organizationId\", \"Companies\".\"financialYearStart\" AS \"Companies.financialYearStart\", \"Companies\".\"booksBeginningFrom\" AS \"Companies.booksBeginningFrom\", \"Companies\".\"features\" AS \"Companies.features\", \"Companies\".\"additionalFields\" AS \"Companies.additionalFields\", \"Companies\".\"userId\" AS \"Companies.userId\", \"Companies\".\"accountType\" AS \"Companies.accountType\", \"Companies\".\"trialStartDate\" AS \"Companies.trialStartDate\", \"Companies\".\"trialEndsAt\" AS \"Companies.trialEndsAt\", \"Companies\".\"subscriptionStatus\" AS \"Companies.subscriptionStatus\", \"Companies\".\"planId\" AS \"Companies.planId\", \"Companies\".\"createdAt\" AS \"Companies.createdAt\", \"Companies\".\"updatedAt\" AS \"Companies.updatedAt\" FROM \"Users\" AS \"User\" LEFT OUTER JOIN ( \"UserCompanies\" AS \"Companies->UserCompanies\" INNER JOIN \"Companies\" AS \"Companies\" ON \"Companies\".\"id\" = \"Companies->UserCompanies\".\"companyId\") ON \"User\".\"id\" = \"Companies->UserCompanies\".\"userId\" WHERE \"User\".\"id\" = '78be82ce-bc11-4702-9bae-01bd26472e02';","parameters":{}}
[AUTH-LOGIN-333180d59e36] column User.pendingEmail does not exist Error
    at Query.run (C:\Users\navee\OneDrive\Desktop\tally\Tally_accounting\backend\node_modules\sequelize\lib\dialects\postgres\query.js:50:25)
    at C:\Users\navee\OneDrive\Desktop\tally\Tally_accounting\backend\node_modules\sequelize\lib\sequelize.js:315:28
    at async PostgresQueryInterface.select (C:\Users\navee\OneDrive\Desktop\tally\Tally_accounting\backend\node_modules\sequelize\lib\dialects\abstract\query-interface.js:407:12)
    at async User.findAll (C:\Users\navee\OneDrive\Desktop\tally\Tally_accounting\backend\node_modules\sequelize\lib\model.js:1140:21)
    at async User.findOne (C:\Users\navee\OneDrive\Desktop\tally\Tally_accounting\backend\node_modules\sequelize\lib\model.js:1240:12)
    at async exports.login (C:\Users\navee\OneDrive\Desktop\tally\Tally_accounting\backend\modules\auth\auth.controller.js:188:18)
❌ Failed to bind to PORT: 5000 {"code":"EADDRINUSE","errno":-4091,"syscall":"listen","address":"0.0.0.0","port":5000}
❌ Failed to bind to PORT: 5000 {"code":"EADDRINUSE","errno":-4091,"syscall":"listen","address":"0.0.0.0","port":5000}
[AUTH-LOGIN-6134f276701c] column User.pendingEmail does not exist Error
    at Query.run (C:\Users\user\Documents\Tally_main_new\Tally_accounting\backend\node_modules\sequelize\lib\dialects\postgres\query.js:50:25)
    at C:\Users\user\Documents\Tally_main_new\Tally_accounting\backend\node_modules\sequelize\lib\sequelize.js:315:28
    at async PostgresQueryInterface.select (C:\Users\user\Documents\Tally_main_new\Tally_accounting\backend\node_modules\sequelize\lib\dialects\abstract\query-interface.js:407:12)
    at async User.findAll (C:\Users\user\Documents\Tally_main_new\Tally_accounting\backend\node_modules\sequelize\lib\model.js:1140:21)
    at async User.findOne (C:\Users\user\Documents\Tally_main_new\Tally_accounting\backend\node_modules\sequelize\lib\model.js:1240:12)
    at async exports.login (C:\Users\user\Documents\Tally_main_new\Tally_accounting\backend\modules\auth\auth.controller.js:188:18)
[AUTH-LOGIN-3e92a32b8417] column User.pendingEmail does not exist Error
    at Query.run (C:\Users\user\Documents\Tally_main_new\Tally_accounting\backend\node_modules\sequelize\lib\dialects\postgres\query.js:50:25)
    at C:\Users\user\Documents\Tally_main_new\Tally_accounting\backend\node_modules\sequelize\lib\sequelize.js:315:28
    at async PostgresQueryInterface.select (C:\Users\user\Documents\Tally_main_new\Tally_accounting\backend\node_modules\sequelize\lib\dialects\abstract\query-interface.js:407:12)
    at async User.findAll (C:\Users\user\Documents\Tally_main_new\Tally_accounting\backend\node_modules\sequelize\lib\model.js:1140:21)
    at async User.findOne (C:\Users\user\Documents\Tally_main_new\Tally_accounting\backend\node_modules\sequelize\lib\model.js:1240:12)
    at async exports.login (C:\Users\user\Documents\Tally_main_new\Tally_accounting\backend\modules\auth\auth.controller.js:188:18)
[ERROR-7d6e5260917d55c8] {"message":"CORS: Origin 'http://localhost:5174' not allowed","stack":"Error: CORS: Origin 'http://localhost:5174' not allowed\n    at origin (C:\\Users\\loges\\OneDrive\\Desktop\\Tally\\Tally_accounting\\backend\\server.js:74:14)\n    at C:\\Users\\loges\\OneDrive\\Desktop\\Tally\\Tally_accounting\\backend\\node_modules\\cors\\lib\\index.js:219:13\n    at optionsCallback (C:\\Users\\loges\\OneDrive\\Desktop\\Tally\\Tally_accounting\\backend\\node_modules\\cors\\lib\\index.js:199:9)\n    at corsMiddleware (C:\\Users\\loges\\OneDrive\\Desktop\\Tally\\Tally_accounting\\backend\\node_modules\\cors\\lib\\index.js:204:7)\n    at Layer.handleRequest (C:\\Users\\loges\\OneDrive\\Desktop\\Tally\\Tally_accounting\\backend\\node_modules\\router\\lib\\layer.js:152:17)\n    at trimPrefix (C:\\Users\\loges\\OneDrive\\Desktop\\Tally\\Tally_accounting\\backend\\node_modules\\router\\index.js:342:13)\n    at C:\\Users\\loges\\OneDrive\\Desktop\\Tally\\Tally_accounting\\backend\\node_modules\\router\\index.js:297:9\n    at processParams (C:\\Users\\loges\\OneDrive\\Desktop\\Tally\\Tally_accounting\\backend\\node_modules\\router\\index.js:582:12)\n    at next (C:\\Users\\loges\\OneDrive\\Desktop\\Tally\\Tally_accounting\\backend\\node_modules\\router\\index.js:291:5)\n    at internalNext (C:\\Users\\loges\\OneDrive\\Desktop\\Tally\\Tally_accounting\\backend\\node_modules\\helmet\\index.cjs:531:6)","path":"/api/auth/me","method":"GET","user":"anonymous"}
[ERROR-ab77756feeb325c2] {"message":"CORS: Origin 'http://localhost:5174' not allowed","stack":"Error: CORS: Origin 'http://localhost:5174' not allowed\n    at origin (C:\\Users\\loges\\OneDrive\\Desktop\\Tally\\Tally_accounting\\backend\\server.js:74:14)\n    at C:\\Users\\loges\\OneDrive\\Desktop\\Tally\\Tally_accounting\\backend\\node_modules\\cors\\lib\\index.js:219:13\n    at optionsCallback (C:\\Users\\loges\\OneDrive\\Desktop\\Tally\\Tally_accounting\\backend\\node_modules\\cors\\lib\\index.js:199:9)\n    at corsMiddleware (C:\\Users\\loges\\OneDrive\\Desktop\\Tally\\Tally_accounting\\backend\\node_modules\\cors\\lib\\index.js:204:7)\n    at Layer.handleRequest (C:\\Users\\loges\\OneDrive\\Desktop\\Tally\\Tally_accounting\\backend\\node_modules\\router\\lib\\layer.js:152:17)\n    at trimPrefix (C:\\Users\\loges\\OneDrive\\Desktop\\Tally\\Tally_accounting\\backend\\node_modules\\router\\index.js:342:13)\n    at C:\\Users\\loges\\OneDrive\\Desktop\\Tally\\Tally_accounting\\backend\\node_modules\\router\\index.js:297:9\n    at processParams (C:\\Users\\loges\\OneDrive\\Desktop\\Tally\\Tally_accounting\\backend\\node_modules\\router\\index.js:582:12)\n    at next (C:\\Users\\loges\\OneDrive\\Desktop\\Tally\\Tally_accounting\\backend\\node_modules\\router\\index.js:291:5)\n    at internalNext (C:\\Users\\loges\\OneDrive\\Desktop\\Tally\\Tally_accounting\\backend\\node_modules\\helmet\\index.cjs:531:6)","path":"/api/auth/me","method":"GET","user":"anonymous"}
[ERROR-8bef8ce8e815611e] {"message":"CORS: Origin 'http://localhost:5174' not allowed","stack":"Error: CORS: Origin 'http://localhost:5174' not allowed\n    at origin (C:\\Users\\loges\\OneDrive\\Desktop\\Tally\\Tally_accounting\\backend\\server.js:74:14)\n    at C:\\Users\\loges\\OneDrive\\Desktop\\Tally\\Tally_accounting\\backend\\node_modules\\cors\\lib\\index.js:219:13\n    at optionsCallback (C:\\Users\\loges\\OneDrive\\Desktop\\Tally\\Tally_accounting\\backend\\node_modules\\cors\\lib\\index.js:199:9)\n    at corsMiddleware (C:\\Users\\loges\\OneDrive\\Desktop\\Tally\\Tally_accounting\\backend\\node_modules\\cors\\lib\\index.js:204:7)\n    at Layer.handleRequest (C:\\Users\\loges\\OneDrive\\Desktop\\Tally\\Tally_accounting\\backend\\node_modules\\router\\lib\\layer.js:152:17)\n    at trimPrefix (C:\\Users\\loges\\OneDrive\\Desktop\\Tally\\Tally_accounting\\backend\\node_modules\\router\\index.js:342:13)\n    at C:\\Users\\loges\\OneDrive\\Desktop\\Tally\\Tally_accounting\\backend\\node_modules\\router\\index.js:297:9\n    at processParams (C:\\Users\\loges\\OneDrive\\Desktop\\Tally\\Tally_accounting\\backend\\node_modules\\router\\index.js:582:12)\n    at next (C:\\Users\\loges\\OneDrive\\Desktop\\Tally\\Tally_accounting\\backend\\node_modules\\router\\index.js:291:5)\n    at internalNext (C:\\Users\\loges\\OneDrive\\Desktop\\Tally\\Tally_accounting\\backend\\node_modules\\helmet\\index.cjs:531:6)","path":"/api/auth/login","method":"OPTIONS","user":"anonymous"}
